2020-05-26 20:00:31,956 : INFO : Start of Training
2020-05-26 20:00:31,956 : INFO : Run_id:2020-05-26_200031_906610209
2020-05-26 20:00:31,957 : INFO : Start of Data Load, validation and transformation
2020-05-26 20:00:31,957 : INFO : Start of Archiving Old Rejected Files...
2020-05-26 20:00:31,957 : INFO : End of Archiving Old Rejected Files...
2020-05-26 20:00:31,957 : INFO : Start of Archiving Old Validated Files...
2020-05-26 20:00:31,960 : INFO : End of Archiving Old Validated Files...
2020-05-26 20:00:31,961 : INFO : Start of Archiving Old Processed Files...
2020-05-26 20:00:31,975 : INFO : End of Archiving Old Processed Files...
2020-05-26 20:00:31,975 : INFO : Start of Archiving Old Result Files...
2020-05-26 20:00:31,975 : INFO : End of Archiving Old Result Files...
2020-05-26 20:00:31,975 : INFO : Start of Reading values From Schema...
2020-05-26 20:00:31,975 : INFO : End of Reading values From Schema...
2020-05-26 20:00:31,976 : INFO : Start of Validating Column Length...
2020-05-26 20:00:31,984 : INFO : End of Validating Column Length...
2020-05-26 20:00:31,984 : INFO : Start of Validating Missing Values...
2020-05-26 20:00:31,992 : INFO : End of Validating Missing Values...
2020-05-26 20:00:31,992 : INFO : Start of Replacing Missing Values with NULL...
2020-05-26 20:00:32,006 : INFO : hr_employee_churn_data.csv: File Transformed successfully!!
2020-05-26 20:00:32,007 : INFO : End of Replacing Missing Values with NULL...
2020-05-26 20:00:32,007 : INFO : Start of Creating Table...
2020-05-26 20:00:32,008 : INFO : Opened training database successfully
2020-05-26 20:00:32,166 : INFO : CREATE TABLE training_raw_data_t column_name
2020-05-26 20:00:32,244 : INFO : ALTER TABLE training_raw_data_t ADD COLUMN
2020-05-26 20:00:32,357 : INFO : ALTER TABLE training_raw_data_t ADD COLUMN
2020-05-26 20:00:32,487 : INFO : ALTER TABLE training_raw_data_t ADD COLUMN
2020-05-26 20:00:32,609 : INFO : ALTER TABLE training_raw_data_t ADD COLUMN
2020-05-26 20:00:32,687 : INFO : ALTER TABLE training_raw_data_t ADD COLUMN
2020-05-26 20:00:32,753 : INFO : ALTER TABLE training_raw_data_t ADD COLUMN
2020-05-26 20:00:32,841 : INFO : ALTER TABLE training_raw_data_t ADD COLUMN
2020-05-26 20:00:32,930 : INFO : ALTER TABLE training_raw_data_t ADD COLUMN
2020-05-26 20:00:33,007 : INFO : ALTER TABLE training_raw_data_t ADD COLUMN
2020-05-26 20:00:33,008 : INFO : End of Creating Table...
2020-05-26 20:00:33,032 : INFO : Opened training database successfully
2020-05-26 20:00:33,032 : INFO : Start of Inserting Data into Table...
2020-05-26 20:01:08,299 : INFO : End of Inserting Data into Table...
2020-05-26 20:01:08,299 : INFO : Start of Exporting Data into CSV...
2020-05-26 20:01:08,309 : INFO : Opened training database successfully
2020-05-26 20:01:08,314 : INFO : End of Exporting Data into CSV...
2020-05-26 20:01:08,314 : INFO : Start of Moving Processed Files...
2020-05-26 20:01:08,316 : INFO : Moved the already processed file hr_employee_churn_data.csv
2020-05-26 20:01:08,316 : INFO : End of Moving Processed Files...
2020-05-26 20:01:08,316 : INFO : End of Data Load, validation and transformation
2020-05-26 20:01:08,316 : INFO : Start of Preprocessing...
2020-05-26 20:01:08,316 : INFO : Start of reading dataset...
2020-05-26 20:01:08,335 : INFO : End of reading dataset...
2020-05-26 20:01:08,335 : INFO : Start of Droping Columns...
2020-05-26 20:01:08,337 : INFO : End of Droping Columns...
2020-05-26 20:01:08,337 : INFO : Start of feature encoding...
2020-05-26 20:01:08,352 : INFO : End of feature encoding...
2020-05-26 20:01:08,353 : INFO : Start of Droping Columns...
2020-05-26 20:01:08,354 : INFO : End of Droping Columns...
2020-05-26 20:01:08,354 : INFO : Start of finding missing values...
2020-05-26 20:01:08,361 : INFO : End of finding missing values...
2020-05-26 20:01:08,361 : INFO : Start of imputing missing values...
2020-05-26 20:01:08,366 : INFO : End of imputing missing values...
2020-05-26 20:01:08,366 : INFO : Start of splitting features and label ...
2020-05-26 20:01:08,367 : INFO : End of splitting features and label ...
2020-05-26 20:01:08,367 : INFO : End of Preprocessing...
2020-05-26 20:01:08,402 : INFO : Start of elbow plotting...
2020-05-26 20:01:11,739 : INFO : The optimum number of clusters is: 2
2020-05-26 20:01:11,740 : INFO : End of elbow plotting...
2020-05-26 20:01:11,740 : INFO : Start of Create clusters...
2020-05-26 20:01:11,780 : INFO : Start of Save Models
2020-05-26 20:01:11,780 : INFO : Start of Save Models
2020-05-26 20:01:11,800 : INFO : Model File KMeans saved
2020-05-26 20:01:11,800 : INFO : Model File KMeans saved
2020-05-26 20:01:11,800 : INFO : End of Save Models
2020-05-26 20:01:11,800 : INFO : End of Save Models
2020-05-26 20:01:11,801 : INFO : succesfully created 2clusters.
2020-05-26 20:01:11,801 : INFO : End of Create clusters...
2020-05-26 20:01:11,817 : INFO : Start of finding best model...
2020-05-26 20:01:11,817 : INFO : Start of finding best params for XGBoost algo...
2020-05-26 20:01:18,608 : INFO : XGBoost best params: {'learning_rate': 0.5, 'max_depth': 3, 'n_estimators': 10}
2020-05-26 20:01:18,608 : INFO : End of finding best params for XGBoost algo...
2020-05-26 20:01:18,690 : INFO : Accuracy for XGBoost:1.0
2020-05-26 20:01:18,690 : INFO : Start of finding best params for randomforest algo...
2020-05-26 20:01:39,953 : INFO : Random Forest best params: {'criterion': 'gini', 'max_depth': 2, 'max_features': 'auto', 'n_estimators': 10}
2020-05-26 20:01:39,953 : INFO : End of finding best params for randomforest algo...
2020-05-26 20:01:39,956 : ERROR : Exception raised while finding best model:'Logger' object has no attribute 'random_forest_score'
Traceback (most recent call last):
  File "C:\Users\Admin\PycharmProjects\MLRealTimeProject_v1\apps\tuning\model_tuner.py", line 161, in get_best_model
    self.logger.random_forest_score('Accuracy for XGBoost:' + str(self.random_forest))
AttributeError: 'Logger' object has no attribute 'random_forest_score'
2020-05-26 20:01:40,039 : ERROR : Unsuccessful End of Training
Traceback (most recent call last):
  File "C:\Users\Admin\PycharmProjects\MLRealTimeProject_v1\apps\tuning\model_tuner.py", line 161, in get_best_model
    self.logger.random_forest_score('Accuracy for XGBoost:' + str(self.random_forest))
AttributeError: 'Logger' object has no attribute 'random_forest_score'

During handling of the above exception, another exception occurred:

Traceback (most recent call last):
  File "C:\Users\Admin\PycharmProjects\MLRealTimeProject_v1\apps\training\train_model.py", line 84, in training_model
    best_model_name, best_model = self.modelTuner.get_best_model(x_train, y_train, x_test, y_test)
  File "C:\Users\Admin\PycharmProjects\MLRealTimeProject_v1\apps\tuning\model_tuner.py", line 175, in get_best_model
    raise Exception()
Exception
